1. Creamos el archivo aritmetica.c con las siguientes sentencias:

naila@naila-VirtualBox:~/Github/EjersTema2ED/Ejer18$ cat > aritmetica.c
int suma (int sumando1, int sumando2) {
	return (sumando1+sumando2);
}


int resta  (int minuendo, int sustraendo) {
	return (minuendo-sustraendo);
}


int multiplicacion (int  numero1, int numero2) {
	return (numero1*numero2);
}


float division (int dividendo, int divisor) {
	return (dividendo/(float)divisor);
}

2. Creamos el archivo aritmetica.h con las siguientes sentencias.

naila@naila-VirtualBox:~/Github/EjersTema2ED/Ejer18$ cat > aritmetica.h
int suma (int sumando1, int sumando2);

int resta  (int minuendo, int sustraendo);

int multiplicacion (int  numero1, int numero2);

float division (int dividendo, int divisor);

3. Creamos el archivo main.c con las siguientes sentencias:

naila@naila-VirtualBox:~/Github/EjersTema2ED/Ejer18$ cat > main.c
#include <stdio.h>
#include "aritmetica.h"

#define NUM1	5
#define NUM2	2

int main (){
	printf ("Dados los números %d y %d\n", NUM1, NUM2);
	printf ("La suma es %d\n", suma (NUM1, NUM2));
	printf ("La resta es %d\n", resta (NUM1, NUM2));
	printf ("La multiplicación es %d\n", multiplicacion (NUM1, NUM2));
	printf ("La división es %f\n", division (NUM1, NUM2));
	return 0;
}

4. Compilamos a código objeto dinámico el archivo aritmetica.c

naila@naila-VirtualBox:~/Github/EjersTema2ED/Ejer18$ gcc -c -fPIC aritmetica.c

5. Empaquetamos en biblioteca dinámica

naila@naila-VirtualBox:~/Github/EjersTema2ED/Ejer18$ gcc -shared -fPIC -o libaritmetica.so aritmetica.o

6. Instalamos la biblioteca en el sistema

naila@naila-VirtualBox:~/Github/EjersTema2ED/Ejer18$ sudo cp libaritmetica.so /lib
[sudo] password for naila: 

- Usaremos el comando sudo para poder instalarla ya que al principio nos salto este mensaje de error de que no teniamos permisos.

naila@naila-VirtualBox:~/Github/EjersTema2ED/Ejer18$ cp libaritmetica.so /lib
cp: cannot create regular file '/lib/libaritmetica.so': Permission denied

7. Compilamos y enlazamos, generando un ejecutable main y un enlace dinámico a libaritmetica.so

naila@naila-VirtualBox:~/Github/EjersTema2ED/Ejer18$ gcc -o main main.c libaritmetica.so 

8. Comprobamos vínculos dinámicos

naila@naila-VirtualBox:~/Github/EjersTema2ED/Ejer18$ ldd main
	linux-vdso.so.1 (0x00007fff385c7000)
	libaritmetica.so => /lib/libaritmetica.so (0x00007f4719f00000)
	libc.so.6 => /lib/x86_64-linux-gnu/libc.so.6 (0x00007f4719d0e000)
	/lib64/ld-linux-x86-64.so.2 (0x00007f4719f1d000)

9. Ejecutamos el archivo para comprobar que todo este correcto

naila@naila-VirtualBox:~/Github/EjersTema2ED/Ejer18$ ./main
Dados los números 5 y 2
La suma es 7
La resta es 3
La multiplicación es 10
La división es 2.500000

